[ECMWF-INFO -sbatch] - -------------------------------------------------------------------------------------
[ECMWF-INFO -sbatch] -  This is the ECMWF jobfilter
[ECMWF-INFO -sbatch] -  +++ Please report issues using the Support portal +++
[ECMWF-INFO -sbatch] -  +++ https://support.ecmwf.int                     +++
[ECMWF-INFO -sbatch] -  /usr/local/bin/ecsbatch: size: 54518, mtime: Thu Aug  6 13:29:49 2026
[ECMWF-INFO -sbatch] - -------------------------------------------------------------------------------------
[ECMWF-INFO -sbatch] - Time at submit: Fri Sep  4 10:58:26 2026 (1788519506.660123) on ac6-101.bullx:/lus/h2resw01/scratch/cvan/KRICO/Post/Paper1/FS1_currents
[ECMWF-INFO -sbatch] - --- SLURM VARIABLES ---
[ECMWF-INFO -sbatch] - EC_CLUSTER=ac
[ECMWF-INFO -sbatch] - SLURM_EXPORT_ENV=ALL
[ECMWF-INFO -sbatch] - SBATCH_EXPORT=NONE
[ECMWF-INFO -sbatch] - -----------------------
[ECMWF-INFO -sbatch] - jobscript: /lus/h2resw01/scratch/cvan/KRICO/Post/Paper1/FS1_currents/job.sh
[ECMWF-INFO -sbatch] - --- SCRIPT OPTIONS ---
[ECMWF-INFO -sbatch] - #SBATCH --job-name=krico_fs1
[ECMWF-INFO -sbatch] - #SBATCH --qos=nf
[ECMWF-INFO -sbatch] - #SBATCH --time=12:00:00
[ECMWF-INFO -sbatch] - #SBATCH --mem=16G
[ECMWF-INFO -sbatch] - #SBATCH --output=fs1_%j.out
[ECMWF-INFO -sbatch] - -----------------------
[ECMWF-INFO -sbatch] - --- POST-PROCESSED OPTIONS ---
[ECMWF-INFO -sbatch] - ARG --positional=['job.sh']
[ECMWF-INFO -sbatch] - ARG --job_name=krico_fs1
[ECMWF-INFO -sbatch] - ARG --output=fs1_%j.out
[ECMWF-INFO -sbatch] - ARG --qos=nf
[ECMWF-INFO -sbatch] - ARG --time=12:00:00
[ECMWF-INFO -sbatch] - ARG --mem=16G
[ECMWF-INFO -sbatch] - ------------------------------
[ECMWF-INFO -sbatch] - jobtag: cvan-krico_fs1-1x2-/lus/h2resw01/scratch/cvan/KRICO/Post/Paper1/FS1_currents/fs1__JOBID_.out
[ECMWF-INFO -sbatch] - ------------------------------
[ECMWF-INFO -sbatch] - Average Walltime 0 with a Standard Deviation 0
[ECMWF-INFO -sbatch] - Runtime history
[ECMWF-INFO -sbatch] -   Date               | Cores   Cluster   Walltime       Mem
[ECMWF-INFO -sbatch] - 
[ECMWF-INFO -sbatch] - ['/usr/bin/sbatch', '--job-name=krico_fs1', '--output=fs1_%j.out', '--qos=nf', '--time=12:00:00', '--mem=16G', '--licenses=h2resw01', '--export=EC_user_time_limit=12:00:00', '/lus/h2resw01/scratch/cvan/KRICO/Post/Paper1/FS1_currents/job.sh']
[ECMWF-INFO -sbatch] - sbatch executed on ac
[ECMWF-INFO -sbatch] - Job queued on ac using method local
[ECMWF-INFO -sbatch] - Submitted batch job 32701385
[ECMWF-INFO -ecprofile] /usr/bin/bash NON_INTERACTIVE on ac6-189 at 20260904_105840.943, PID: 245025, JOBID: 32701385
[ECMWF-INFO -ecprofile] $SCRATCH=/ec/res4/scratch/cvan
[ECMWF-INFO -ecprofile] $PERM=/perm/cvan
[ECMWF-INFO -ecprofile] $HPCPERM=/ec/res4/hpcperm/cvan
[ECMWF-INFO -ecprofile] $TMPDIR=/etc/ecmwf/ssd/ssd1/tmpdirs/cvan.32701385
[ECMWF-INFO -ecprofile] $SCRATCHDIR=/ec/res4/scratchdir/cvan/1/32701385
Found 384 month-pairs in /scratch/cvan/KRICO/Pre/GLORYS12
Depth band 50-200 m: 9 levels
  level 17  centre   47.37 m  weight   1.57 m
  level 18  centre   55.76 m  weight   9.22 m
  level 19  centre   65.81 m  weight  11.04 m
  level 20  centre   77.85 m  weight  13.26 m
  level 21  centre   92.33 m  weight  15.94 m
  level 22  centre  109.73 m  weight  19.17 m
  level 23  centre  130.67 m  weight  23.06 m
  level 24  centre  155.85 m  weight  27.73 m
  level 25  centre  186.13 m  weight  29.01 m
  [  1/384] 1993_11  30 days  (annual n = 30)
  [  2/384] 1993_12  31 days  (annual n = 61)
  [  3/384] 1994_01  31 days  (annual n = 92)
  [  4/384] 1994_02  28 days  (annual n = 120)
  [  5/384] 1994_03  31 days  (annual n = 151)
  [  6/384] 1994_04  30 days  (annual n = 181)
  [  7/384] 1994_05  31 days  (annual n = 212)
  [  8/384] 1994_06  30 days  (annual n = 242)
  [  9/384] 1994_07  31 days  (annual n = 273)
  [ 10/384] 1994_08  31 days  (annual n = 304)
  [ 11/384] 1994_09  30 days  (annual n = 334)
  [ 12/384] 1994_10  31 days  (annual n = 365)
    checkpoint written (12 done)
  [ 13/384] 1994_11  30 days  (annual n = 395)
  [ 14/384] 1994_12  31 days  (annual n = 426)
  [ 15/384] 1995_01  31 days  (annual n = 457)
  [ 16/384] 1995_02  28 days  (annual n = 485)
  [ 17/384] 1995_03  31 days  (annual n = 516)
  [ 18/384] 1995_04  30 days  (annual n = 546)
  [ 19/384] 1995_05  31 days  (annual n = 577)
  [ 20/384] 1995_06  30 days  (annual n = 607)
  [ 21/384] 1995_07  31 days  (annual n = 638)
  [ 22/384] 1995_08  31 days  (annual n = 669)
  [ 23/384] 1995_09  30 days  (annual n = 699)
  [ 24/384] 1995_10  31 days  (annual n = 730)
    checkpoint written (24 done)
  [ 25/384] 1995_11  30 days  (annual n = 760)
  [ 26/384] 1995_12  31 days  (annual n = 791)
  [ 27/384] 1996_01  31 days  (annual n = 822)
  [ 28/384] 1996_02  29 days  (annual n = 851)
  [ 29/384] 1996_03  31 days  (annual n = 882)
  [ 30/384] 1996_04  30 days  (annual n = 912)
  [ 31/384] 1996_05  31 days  (annual n = 943)
  [ 32/384] 1996_06  30 days  (annual n = 973)
  [ 33/384] 1996_07  31 days  (annual n = 1004)
  [ 34/384] 1996_08  31 days  (annual n = 1035)
  [ 35/384] 1996_09  30 days  (annual n = 1065)
  [ 36/384] 1996_10  31 days  (annual n = 1096)
    checkpoint written (36 done)
  [ 37/384] 1996_11  30 days  (annual n = 1126)
  [ 38/384] 1996_12  31 days  (annual n = 1157)
  [ 39/384] 1997_01  31 days  (annual n = 1188)
  [ 40/384] 1997_02  28 days  (annual n = 1216)
  [ 41/384] 1997_03  31 days  (annual n = 1247)
  [ 42/384] 1997_04  30 days  (annual n = 1277)
  [ 43/384] 1997_05  31 days  (annual n = 1308)
  [ 44/384] 1997_06  30 days  (annual n = 1338)
  [ 45/384] 1997_07  31 days  (annual n = 1369)
  [ 46/384] 1997_08  31 days  (annual n = 1400)
  [ 47/384] 1997_09  30 days  (annual n = 1430)
  [ 48/384] 1997_10  31 days  (annual n = 1461)
    checkpoint written (48 done)
  [ 49/384] 1997_11  30 days  (annual n = 1491)
  [ 50/384] 1997_12  31 days  (annual n = 1522)
  [ 51/384] 1998_01  31 days  (annual n = 1553)
  [ 52/384] 1998_02  28 days  (annual n = 1581)
  [ 53/384] 1998_03  31 days  (annual n = 1612)
  [ 54/384] 1998_04  30 days  (annual n = 1642)
  [ 55/384] 1998_05  31 days  (annual n = 1673)
  [ 56/384] 1998_06  30 days  (annual n = 1703)
  [ 57/384] 1998_07  31 days  (annual n = 1734)
  [ 58/384] 1998_08  31 days  (annual n = 1765)
  [ 59/384] 1998_09  30 days  (annual n = 1795)
  [ 60/384] 1998_10  31 days  (annual n = 1826)
    checkpoint written (60 done)
  [ 61/384] 1998_11  30 days  (annual n = 1856)
  [ 62/384] 1998_12  31 days  (annual n = 1887)
  [ 63/384] 1999_01  31 days  (annual n = 1918)
  [ 64/384] 1999_02  28 days  (annual n = 1946)
  [ 65/384] 1999_03  31 days  (annual n = 1977)
  [ 66/384] 1999_04  30 days  (annual n = 2007)
  [ 67/384] 1999_05  31 days  (annual n = 2038)
  [ 68/384] 1999_06  30 days  (annual n = 2068)
  [ 69/384] 1999_07  31 days  (annual n = 2099)
  [ 70/384] 1999_08  31 days  (annual n = 2130)
  [ 71/384] 1999_09  30 days  (annual n = 2160)
  [ 72/384] 1999_10  31 days  (annual n = 2191)
    checkpoint written (72 done)
  [ 73/384] 1999_11  30 days  (annual n = 2221)
  [ 74/384] 1999_12  31 days  (annual n = 2252)
  [ 75/384] 2000_01  31 days  (annual n = 2283)
  [ 76/384] 2000_02  29 days  (annual n = 2312)
  [ 77/384] 2000_03  31 days  (annual n = 2343)
  [ 78/384] 2000_04  30 days  (annual n = 2373)
  [ 79/384] 2000_05  31 days  (annual n = 2404)
  [ 80/384] 2000_06  30 days  (annual n = 2434)
  [ 81/384] 2000_07  31 days  (annual n = 2465)
  [ 82/384] 2000_08  31 days  (annual n = 2496)
  [ 83/384] 2000_09  30 days  (annual n = 2526)
  [ 84/384] 2000_10  31 days  (annual n = 2557)
    checkpoint written (84 done)
  [ 85/384] 2000_11  30 days  (annual n = 2587)
  [ 86/384] 2000_12  31 days  (annual n = 2618)
  [ 87/384] 2001_01  31 days  (annual n = 2649)
  [ 88/384] 2001_02  28 days  (annual n = 2677)
  [ 89/384] 2001_03  31 days  (annual n = 2708)
  [ 90/384] 2001_04  30 days  (annual n = 2738)
  [ 91/384] 2001_05  31 days  (annual n = 2769)
  [ 92/384] 2001_06  30 days  (annual n = 2799)
  [ 93/384] 2001_07  31 days  (annual n = 2830)
  [ 94/384] 2001_08  31 days  (annual n = 2861)
  [ 95/384] 2001_09  30 days  (annual n = 2891)
  [ 96/384] 2001_10  31 days  (annual n = 2922)
    checkpoint written (96 done)
  [ 97/384] 2001_11  30 days  (annual n = 2952)
  [ 98/384] 2001_12  31 days  (annual n = 2983)
  [ 99/384] 2002_01  31 days  (annual n = 3014)
  [100/384] 2002_02  28 days  (annual n = 3042)
  [101/384] 2002_03  31 days  (annual n = 3073)
  [102/384] 2002_04  30 days  (annual n = 3103)
  [103/384] 2002_05  31 days  (annual n = 3134)
  [104/384] 2002_06  30 days  (annual n = 3164)
  [105/384] 2002_07  31 days  (annual n = 3195)
  [106/384] 2002_08  31 days  (annual n = 3226)
  [107/384] 2002_09  30 days  (annual n = 3256)
  [108/384] 2002_10  31 days  (annual n = 3287)
    checkpoint written (108 done)
  [109/384] 2002_11  30 days  (annual n = 3317)
  [110/384] 2002_12  31 days  (annual n = 3348)
  [111/384] 2003_01  31 days  (annual n = 3379)
  [112/384] 2003_02  28 days  (annual n = 3407)
  [113/384] 2003_03  31 days  (annual n = 3438)
  [114/384] 2003_04  30 days  (annual n = 3468)
  [115/384] 2003_05  31 days  (annual n = 3499)
  [116/384] 2003_06  30 days  (annual n = 3529)
  [117/384] 2003_07  31 days  (annual n = 3560)
  [118/384] 2003_08  31 days  (annual n = 3591)
  [119/384] 2003_09  30 days  (annual n = 3621)
  [120/384] 2003_10  31 days  (annual n = 3652)
    checkpoint written (120 done)
  [121/384] 2003_11  30 days  (annual n = 3682)
  [122/384] 2003_12  31 days  (annual n = 3713)
  [123/384] 2004_01  31 days  (annual n = 3744)
  [124/384] 2004_02  29 days  (annual n = 3773)
  [125/384] 2004_03  31 days  (annual n = 3804)
  [126/384] 2004_04  30 days  (annual n = 3834)
  [127/384] 2004_05  31 days  (annual n = 3865)
  [128/384] 2004_06  30 days  (annual n = 3895)
  [129/384] 2004_07  31 days  (annual n = 3926)
  [130/384] 2004_08  31 days  (annual n = 3957)
  [131/384] 2004_09  30 days  (annual n = 3987)
  [132/384] 2004_10  31 days  (annual n = 4018)
    checkpoint written (132 done)
  [133/384] 2004_11  30 days  (annual n = 4048)
  [134/384] 2004_12  31 days  (annual n = 4079)
  [135/384] 2005_01  31 days  (annual n = 4110)
  [136/384] 2005_02  28 days  (annual n = 4138)
  [137/384] 2005_03  31 days  (annual n = 4169)
  [138/384] 2005_04  30 days  (annual n = 4199)
  [139/384] 2005_05  31 days  (annual n = 4230)
  [140/384] 2005_06  30 days  (annual n = 4260)
  [141/384] 2005_07  31 days  (annual n = 4291)
  [142/384] 2005_08  31 days  (annual n = 4322)
  [143/384] 2005_09  30 days  (annual n = 4352)
  [144/384] 2005_10  31 days  (annual n = 4383)
    checkpoint written (144 done)
  [145/384] 2005_11  30 days  (annual n = 4413)
  [146/384] 2005_12  31 days  (annual n = 4444)
  [147/384] 2006_01  31 days  (annual n = 4475)
  [148/384] 2006_02  28 days  (annual n = 4503)
  [149/384] 2006_03  31 days  (annual n = 4534)
  [150/384] 2006_04  30 days  (annual n = 4564)
  [151/384] 2006_05  31 days  (annual n = 4595)
  [152/384] 2006_06  30 days  (annual n = 4625)
  [153/384] 2006_07  31 days  (annual n = 4656)
  [154/384] 2006_08  31 days  (annual n = 4687)
  [155/384] 2006_09  30 days  (annual n = 4717)
  [156/384] 2006_10  31 days  (annual n = 4748)
    checkpoint written (156 done)
  [157/384] 2006_11  30 days  (annual n = 4778)
  [158/384] 2006_12  31 days  (annual n = 4809)
  [159/384] 2007_01  31 days  (annual n = 4840)
  [160/384] 2007_02  28 days  (annual n = 4868)
  [161/384] 2007_03  31 days  (annual n = 4899)
  [162/384] 2007_04  30 days  (annual n = 4929)
  [163/384] 2007_05  31 days  (annual n = 4960)
  [164/384] 2007_06  30 days  (annual n = 4990)
  [165/384] 2007_07  31 days  (annual n = 5021)
  [166/384] 2007_08  31 days  (annual n = 5052)
  [167/384] 2007_09  30 days  (annual n = 5082)
  [168/384] 2007_10  31 days  (annual n = 5113)
    checkpoint written (168 done)
  [169/384] 2007_11  30 days  (annual n = 5143)
  [170/384] 2007_12  31 days  (annual n = 5174)
  [171/384] 2008_01  31 days  (annual n = 5205)
  [172/384] 2008_02  29 days  (annual n = 5234)
  [173/384] 2008_03  31 days  (annual n = 5265)
  [174/384] 2008_04  30 days  (annual n = 5295)
  [175/384] 2008_05  31 days  (annual n = 5326)
  [176/384] 2008_06  30 days  (annual n = 5356)
  [177/384] 2008_07  31 days  (annual n = 5387)
  [178/384] 2008_08  31 days  (annual n = 5418)
  [179/384] 2008_09  30 days  (annual n = 5448)
  [180/384] 2008_10  31 days  (annual n = 5479)
    checkpoint written (180 done)
  [181/384] 2008_11  30 days  (annual n = 5509)
  [182/384] 2008_12  31 days  (annual n = 5540)
  [183/384] 2009_01  31 days  (annual n = 5571)
  [184/384] 2009_02  28 days  (annual n = 5599)
  [185/384] 2009_03  31 days  (annual n = 5630)
  [186/384] 2009_04  30 days  (annual n = 5660)
  [187/384] 2009_05  31 days  (annual n = 5691)
  [188/384] 2009_06  30 days  (annual n = 5721)
  [189/384] 2009_07  31 days  (annual n = 5752)
  [190/384] 2009_08  31 days  (annual n = 5783)
  [191/384] 2009_09  30 days  (annual n = 5813)
  [192/384] 2009_10  31 days  (annual n = 5844)
    checkpoint written (192 done)
  [193/384] 2009_11  30 days  (annual n = 5874)
  [194/384] 2009_12  31 days  (annual n = 5905)
  [195/384] 2010_01  31 days  (annual n = 5936)
  [196/384] 2010_02  28 days  (annual n = 5964)
  [197/384] 2010_03  31 days  (annual n = 5995)
  [198/384] 2010_04  30 days  (annual n = 6025)
  [199/384] 2010_05  31 days  (annual n = 6056)
  [200/384] 2010_06  30 days  (annual n = 6086)
  [201/384] 2010_07  31 days  (annual n = 6117)
  [202/384] 2010_08  31 days  (annual n = 6148)
  [203/384] 2010_09  30 days  (annual n = 6178)
  [204/384] 2010_10  31 days  (annual n = 6209)
    checkpoint written (204 done)
  [205/384] 2010_11  30 days  (annual n = 6239)
  [206/384] 2010_12  31 days  (annual n = 6270)
  [207/384] 2011_01  31 days  (annual n = 6301)
  [208/384] 2011_02  28 days  (annual n = 6329)
  [209/384] 2011_03  31 days  (annual n = 6360)
  [210/384] 2011_04  30 days  (annual n = 6390)
  [211/384] 2011_05  31 days  (annual n = 6421)
  [212/384] 2011_06  30 days  (annual n = 6451)
  [213/384] 2011_07  31 days  (annual n = 6482)
  [214/384] 2011_08  31 days  (annual n = 6513)
  [215/384] 2011_09  30 days  (annual n = 6543)
  [216/384] 2011_10  31 days  (annual n = 6574)
    checkpoint written (216 done)
  [217/384] 2011_11  30 days  (annual n = 6604)
  [218/384] 2011_12  31 days  (annual n = 6635)
  [219/384] 2012_01  31 days  (annual n = 6666)
  [220/384] 2012_02  29 days  (annual n = 6695)
  [221/384] 2012_03  31 days  (annual n = 6726)
  [222/384] 2012_04  30 days  (annual n = 6756)
  [223/384] 2012_05  31 days  (annual n = 6787)
  [224/384] 2012_06  30 days  (annual n = 6817)
  [225/384] 2012_07  31 days  (annual n = 6848)
  [226/384] 2012_08  31 days  (annual n = 6879)
  [227/384] 2012_09  30 days  (annual n = 6909)
  [228/384] 2012_10  31 days  (annual n = 6940)
    checkpoint written (228 done)
  [229/384] 2012_11  30 days  (annual n = 6970)
  [230/384] 2012_12  31 days  (annual n = 7001)
  [231/384] 2013_01  31 days  (annual n = 7032)
  [232/384] 2013_02  28 days  (annual n = 7060)
  [233/384] 2013_03  31 days  (annual n = 7091)
  [234/384] 2013_04  30 days  (annual n = 7121)
  [235/384] 2013_05  31 days  (annual n = 7152)
  [236/384] 2013_06  30 days  (annual n = 7182)
  [237/384] 2013_07  31 days  (annual n = 7213)
  [238/384] 2013_08  31 days  (annual n = 7244)
  [239/384] 2013_09  30 days  (annual n = 7274)
  [240/384] 2013_10  31 days  (annual n = 7305)
    checkpoint written (240 done)
  [241/384] 2013_11  30 days  (annual n = 7335)
  [242/384] 2013_12  31 days  (annual n = 7366)
  [243/384] 2014_01  31 days  (annual n = 7397)
  [244/384] 2014_02  28 days  (annual n = 7425)
  [245/384] 2014_03  31 days  (annual n = 7456)
  [246/384] 2014_04  30 days  (annual n = 7486)
  [247/384] 2014_05  31 days  (annual n = 7517)
  [248/384] 2014_06  30 days  (annual n = 7547)
  [249/384] 2014_07  31 days  (annual n = 7578)
  [250/384] 2014_08  31 days  (annual n = 7609)
  [251/384] 2014_09  30 days  (annual n = 7639)
  [252/384] 2014_10  31 days  (annual n = 7670)
    checkpoint written (252 done)
  [253/384] 2014_11  30 days  (annual n = 7700)
  [254/384] 2014_12  31 days  (annual n = 7731)
  [255/384] 2015_01  31 days  (annual n = 7762)
  [256/384] 2015_02  28 days  (annual n = 7790)
  [257/384] 2015_03  31 days  (annual n = 7821)
  [258/384] 2015_04  30 days  (annual n = 7851)
  [259/384] 2015_05  31 days  (annual n = 7882)
  [260/384] 2015_06  30 days  (annual n = 7912)
  [261/384] 2015_07  31 days  (annual n = 7943)
  [262/384] 2015_08  31 days  (annual n = 7974)
  [263/384] 2015_09  30 days  (annual n = 8004)
  [264/384] 2015_10  31 days  (annual n = 8035)
    checkpoint written (264 done)
  [265/384] 2015_11  30 days  (annual n = 8065)
  [266/384] 2015_12  31 days  (annual n = 8096)
  [267/384] 2016_01  31 days  (annual n = 8127)
  [268/384] 2016_02  29 days  (annual n = 8156)
  [269/384] 2016_03  31 days  (annual n = 8187)
  [270/384] 2016_04  30 days  (annual n = 8217)
  [271/384] 2016_05  31 days  (annual n = 8248)
  [272/384] 2016_06  30 days  (annual n = 8278)
  [273/384] 2016_07  31 days  (annual n = 8309)
  [274/384] 2016_08  31 days  (annual n = 8340)
  [275/384] 2016_09  30 days  (annual n = 8370)
  [276/384] 2016_10  31 days  (annual n = 8401)
    checkpoint written (276 done)
  [277/384] 2016_11  30 days  (annual n = 8431)
  [278/384] 2016_12  31 days  (annual n = 8462)
  [279/384] 2017_01  31 days  (annual n = 8493)
  [280/384] 2017_02  28 days  (annual n = 8521)
  [281/384] 2017_03  31 days  (annual n = 8552)
  [282/384] 2017_04  30 days  (annual n = 8582)
  [283/384] 2017_05  31 days  (annual n = 8613)
  [284/384] 2017_06  30 days  (annual n = 8643)
  [285/384] 2017_07  31 days  (annual n = 8674)
  [286/384] 2017_08  31 days  (annual n = 8705)
  [287/384] 2017_09  30 days  (annual n = 8735)
  [288/384] 2017_10  31 days  (annual n = 8766)
    checkpoint written (288 done)
  [289/384] 2017_11  30 days  (annual n = 8796)
  [290/384] 2017_12  31 days  (annual n = 8827)
  [291/384] 2018_01  31 days  (annual n = 8858)
  [292/384] 2018_02  28 days  (annual n = 8886)
  [293/384] 2018_03  31 days  (annual n = 8917)
  [294/384] 2018_04  30 days  (annual n = 8947)
  [295/384] 2018_05  31 days  (annual n = 8978)
  [296/384] 2018_06  30 days  (annual n = 9008)
  [297/384] 2018_07  31 days  (annual n = 9039)
  [298/384] 2018_08  31 days  (annual n = 9070)
  [299/384] 2018_09  30 days  (annual n = 9100)
  [300/384] 2018_10  31 days  (annual n = 9131)
    checkpoint written (300 done)
  [301/384] 2018_11  30 days  (annual n = 9161)
  [302/384] 2018_12  31 days  (annual n = 9192)
  [303/384] 2019_01  31 days  (annual n = 9223)
  [304/384] 2019_02  28 days  (annual n = 9251)
  [305/384] 2019_03  31 days  (annual n = 9282)
  [306/384] 2019_04  30 days  (annual n = 9312)
  [307/384] 2019_05  31 days  (annual n = 9343)
  [308/384] 2019_06  30 days  (annual n = 9373)
  [309/384] 2019_07  31 days  (annual n = 9404)
  [310/384] 2019_08  31 days  (annual n = 9435)
  [311/384] 2019_09  30 days  (annual n = 9465)
  [312/384] 2019_10  31 days  (annual n = 9496)
    checkpoint written (312 done)
  [313/384] 2019_11  30 days  (annual n = 9526)
  [314/384] 2019_12  31 days  (annual n = 9557)
  [315/384] 2020_01  31 days  (annual n = 9588)
  [316/384] 2020_02  29 days  (annual n = 9617)
  [317/384] 2020_03  31 days  (annual n = 9648)
  [318/384] 2020_04  30 days  (annual n = 9678)
  [319/384] 2020_05  31 days  (annual n = 9709)
  [320/384] 2020_06  30 days  (annual n = 9739)
  [321/384] 2020_07  31 days  (annual n = 9770)
  [322/384] 2020_08  31 days  (annual n = 9801)
  [323/384] 2020_09  30 days  (annual n = 9831)
  [324/384] 2020_10  31 days  (annual n = 9862)
    checkpoint written (324 done)
  [325/384] 2020_11  30 days  (annual n = 9892)
  [326/384] 2020_12  31 days  (annual n = 9923)
  [327/384] 2021_01  31 days  (annual n = 9954)
  [328/384] 2021_02  28 days  (annual n = 9982)
  [329/384] 2021_03  31 days  (annual n = 10013)
  [330/384] 2021_04  30 days  (annual n = 10043)
  [331/384] 2021_05  31 days  (annual n = 10074)
  [332/384] 2021_06  30 days  (annual n = 10104)
  [333/384] 2021_07  31 days  (annual n = 10135)
  [334/384] 2021_08  31 days  (annual n = 10166)
  [335/384] 2021_09  30 days  (annual n = 10196)
  [336/384] 2021_10  31 days  (annual n = 10227)
    checkpoint written (336 done)
  [337/384] 2021_11  30 days  (annual n = 10257)
  [338/384] 2021_12  31 days  (annual n = 10288)
  [339/384] 2022_01  31 days  (annual n = 10319)
  [340/384] 2022_02  28 days  (annual n = 10347)
  [341/384] 2022_03  31 days  (annual n = 10378)
  [342/384] 2022_04  30 days  (annual n = 10408)
  [343/384] 2022_05  31 days  (annual n = 10439)
  [344/384] 2022_06  30 days  (annual n = 10469)
  [345/384] 2022_07  31 days  (annual n = 10500)
  [346/384] 2022_08  31 days  (annual n = 10531)
  [347/384] 2022_09  30 days  (annual n = 10561)
  [348/384] 2022_10  31 days  (annual n = 10592)
    checkpoint written (348 done)
  [349/384] 2022_11  30 days  (annual n = 10622)
  [350/384] 2022_12  31 days  (annual n = 10653)
  [351/384] 2023_01  31 days  (annual n = 10684)
  [352/384] 2023_02  28 days  (annual n = 10712)
  [353/384] 2023_03  31 days  (annual n = 10743)
  [354/384] 2023_04  30 days  (annual n = 10773)
  [355/384] 2023_05  31 days  (annual n = 10804)
  [356/384] 2023_06  30 days  (annual n = 10834)
  [357/384] 2023_07  31 days  (annual n = 10865)
  [358/384] 2023_08  31 days  (annual n = 10896)
  [359/384] 2023_09  30 days  (annual n = 10926)
  [360/384] 2023_10  31 days  (annual n = 10957)
    checkpoint written (360 done)
  [361/384] 2023_11  30 days  (annual n = 10987)
  [362/384] 2023_12  31 days  (annual n = 11018)
  [363/384] 2024_01  31 days  (annual n = 11049)
  [364/384] 2024_02  29 days  (annual n = 11078)
  [365/384] 2024_03  31 days  (annual n = 11109)
  [366/384] 2024_04  30 days  (annual n = 11139)
  [367/384] 2024_05  31 days  (annual n = 11170)
  [368/384] 2024_06  30 days  (annual n = 11200)
  [369/384] 2024_07  31 days  (annual n = 11231)
  [370/384] 2024_08  31 days  (annual n = 11262)
  [371/384] 2024_09  30 days  (annual n = 11292)
  [372/384] 2024_10  31 days  (annual n = 11323)
    checkpoint written (372 done)
  [373/384] 2024_11  30 days  (annual n = 11353)
  [374/384] 2024_12  31 days  (annual n = 11384)
  [375/384] 2025_01  31 days  (annual n = 11415)
  [376/384] 2025_02  28 days  (annual n = 11443)
  [377/384] 2025_03  31 days  (annual n = 11474)
  [378/384] 2025_04  30 days  (annual n = 11504)
  [379/384] 2025_05  31 days  (annual n = 11535)
  [380/384] 2025_06  30 days  (annual n = 11565)
  [381/384] 2025_07  31 days  (annual n = 11596)
  [382/384] 2025_08  31 days  (annual n = 11627)
  [383/384] 2025_09  30 days  (annual n = 11657)
  [384/384] 2025_10  31 days  (annual n = 11688)
    checkpoint written (384 done)

Days accumulated per period:
  annual   11688
  DJF       2888
  MAM       2944
  JJA       2944
  SON       2912
Writing /lus/h2resw01/scratch/cvan/KRICO/Post/Paper1/FS1_currents/data/aggregated.nc
Done. The checkpoint in data/ can be deleted once this is copied back.
[ECMWF-INFO -ecepilog] ----------------------------------------------------------------------------------------------------
[ECMWF-INFO -ecepilog] This is the ECMWF job Epilogue
[ECMWF-INFO -ecepilog] +++ Please report issues using the Support portal +++
[ECMWF-INFO -ecepilog] +++ https://support.ecmwf.int                     +++
[ECMWF-INFO -ecepilog] ----------------------------------------------------------------------------------------------------
[ECMWF-INFO -ecepilog] Run at 2026-09-04T15:29:49 on ac
[ECMWF-INFO -ecepilog] JobName                   : krico_fs1
[ECMWF-INFO -ecepilog] JobID                     : 32701385
[ECMWF-INFO -ecepilog] Submit                    : 2026-09-04T10:58:26
[ECMWF-INFO -ecepilog] Start                     : 2026-09-04T10:58:38
[ECMWF-INFO -ecepilog] End                       : 2026-09-04T15:29:49
[ECMWF-INFO -ecepilog] QueuedTime                : 12.0
[ECMWF-INFO -ecepilog] ElapsedRaw                : 16271
[ECMWF-INFO -ecepilog] ExitCode                  : 0:0
[ECMWF-INFO -ecepilog] DerivedExitCode           : 0:0
[ECMWF-INFO -ecepilog] State                     : COMPLETED
[ECMWF-INFO -ecepilog] Account                   : bebel
[ECMWF-INFO -ecepilog] QOS                       : nf
[ECMWF-INFO -ecepilog] User                      : cvan
[ECMWF-INFO -ecepilog] StdOut                    : /lus/h2resw01/scratch/cvan/KRICO/Post/Paper1/FS1_currents/fs1_32701385.out
[ECMWF-INFO -ecepilog] StdErr                    : /lus/h2resw01/scratch/cvan/KRICO/Post/Paper1/FS1_currents/fs1_32701385.out
[ECMWF-INFO -ecepilog] NNodes                    : 1
[ECMWF-INFO -ecepilog] NCPUS                     : 2
[ECMWF-INFO -ecepilog] SBU                       : 77.123
[ECMWF-INFO -ecepilog] jobtag                    : cvan-krico_fs1-1x2-/lus/h2resw01/scratch/cvan/KRICO/Post/Paper1/FS1_currents/fs1__JOBID_.out
[ECMWF-INFO -ecepilog] ----------------------------------------------------------------------------------------------------

